[marakana.com/bookshelf/jboss_admin_tutorial.0.delayed]
[marakana.com/bookshelf/jboss_admin_tutorial/index.html]
[backblue.gif]
[fade.gif]
[index.html]
[marakana.com/bookshelf/jboss_admin_tutorial/index-2.html]
[marakana.com/bookshelf/jboss_admin_tutorial/jboss_overview.html]
[marakana.com/bookshelf/images/note.png]
[marakana.com/bookshelf/common/images/javaee_architecture.png]
[marakana.com/bookshelf/common/images/javaee_distributed_architecture.png]
[marakana.com/bookshelf/jboss_admin_tutorial/table_of_contents.html]
[marakana.com/bookshelf/jboss_admin_tutorial/installing_jboss_as.html]
[marakana.com/bookshelf/jboss_admin_tutorial/directory_structure.html]
[marakana.com/bookshelf/jboss_admin_tutorial/starting_and_stopping.html]
[marakana.com/bookshelf/jboss_admin_tutorial/deploying.html]
[marakana.com/bookshelf/jboss_admin_tutorial/web_tier.html]
[marakana.com/bookshelf/jboss_admin_tutorial/jndi.html]
[marakana.com/bookshelf/jboss_admin_tutorial/javamail.html]
[marakana.com/bookshelf/jboss_admin_tutorial/jms.html]
[marakana.com/bookshelf/jboss_admin_tutorial/ejb.html]
[marakana.com/bookshelf/jboss_admin_tutorial/web_services.html]
[marakana.com/bookshelf/jboss_admin_tutorial/jmx.html]
[marakana.com/bookshelf/jboss_admin_tutorial/class_loading.html]
[marakana.com/bookshelf/jboss_admin_tutorial/database_integration.html]
[marakana.com/bookshelf/jboss_admin_tutorial/security.html]
[marakana.com/bookshelf/jboss_admin_tutorial/performance.html]
[marakana.com/bookshelf/python_fundamentals_tutorial/index.html]
[marakana.com/bookshelf/jboss_admin_tutorial/high_availability_and_scalability.html]
[marakana.com/bookshelf/jquery_tutorial/index.html]
[marakana.com/bookshelf/html5_tutorial/index.html]
[marakana.com/bookshelf/java_fundamentals_tutorial/index.html]
[marakana.com/bookshelf/jboss_admin_tutorial/index.html]
[marakana.com/bookshelf/jboss_admin_tutorial/index-2.html]
[marakana.com/bookshelf/selenium_tutorial/index.html]
[marakana.com/bookshelf/jboss_admin_tutorial/images/JBossArchitecture-4.png]
[marakana.com/bookshelf/jboss_admin_tutorial/images/JBossArchitecture-5.png]
[marakana.com/bookshelf/jboss_admin_tutorial/jboss_overview.html]
[marakana.com/bookshelf/jboss_admin_tutorial/table_of_contents.html]
[marakana.com/bookshelf/jboss_admin_tutorial/installing_jboss_as.html]
[marakana.com/bookshelf/jboss_admin_tutorial/directory_structure.html]
[marakana.com/bookshelf/images/important.png]
[marakana.com/bookshelf/jboss_admin_tutorial/starting_and_stopping.html]
[marakana.com/bookshelf/jboss_admin_tutorial/images/JBoss_Status.png]
[marakana.com/bookshelf/jboss_admin_tutorial/images/J2EEDeploymentLifeCycle.png]
[marakana.com/bookshelf/jboss_admin_tutorial/deploying.html]
[marakana.com/bookshelf/common/images/web_application_technologies.png]
[marakana.com/bookshelf/common/images/cgi_vs_servlet.png]
[marakana.com/bookshelf/jboss_admin_tutorial/web_tier.html]
[marakana.com/bookshelf/jboss_admin_tutorial/jndi.html]
[marakana.com/bookshelf/jboss_admin_tutorial/javamail.html]
[marakana.com/bookshelf/jboss_admin_tutorial/images/JMSUsageScenario.png]
[marakana.com/bookshelf/jboss_admin_tutorial/images/JMSArhitecture.png]
[marakana.com/bookshelf/jboss_admin_tutorial/images/PTP-JMS.png]
[marakana.com/bookshelf/jboss_admin_tutorial/images/PublishSubscribe-JMS.png]
[marakana.com/bookshelf/images/callouts/1.png]
[marakana.com/bookshelf/images/callouts/2.png]
[marakana.com/bookshelf/images/callouts/3.png]
[marakana.com/bookshelf/images/callouts/4.png]
[marakana.com/bookshelf/images/callouts/5.png]
[marakana.com/bookshelf/jboss_admin_tutorial/jms.html]
[marakana.com/bookshelf/images/callouts/6.png]
[marakana.com/bookshelf/jboss_admin_tutorial/images/J2EEContainers.png]
[marakana.com/bookshelf/jboss_admin_tutorial/images/ejb-lifecycle-slsb.png]
[marakana.com/bookshelf/jboss_admin_tutorial/images/ejb-lifecycle-sfsb.png]
[marakana.com/bookshelf/jboss_admin_tutorial/images/ejb-lifecycle-mdb.png]
[marakana.com/bookshelf/jboss_admin_tutorial/ejb.html]
[marakana.com/bookshelf/jboss_admin_tutorial/images/WebServicesHTTPXMLArchitecture.png]
[marakana.com/bookshelf/jboss_admin_tutorial/web_services.html]
[marakana.com/bookshelf/jboss_admin_tutorial/images/WebServicesArchitecture.png]
[marakana.com/bookshelf/common/images/JMXArchitecture.png]
[marakana.com/bookshelf/jboss_admin_tutorial/images/JBossJMXArchitecture.png]
[marakana.com/bookshelf/jboss_admin_tutorial/images/JMXConsoleHome.png]
[marakana.com/bookshelf/jboss_admin_tutorial/images/WebConsoleHome.png]
[marakana.com/bookshelf/jboss_admin_tutorial/images/AdminConsoleHome.png]
[marakana.com/bookshelf/jboss_admin_tutorial/images/jmx-webconsole-monitoring.png]
[marakana.com/bookshelf/jboss_admin_tutorial/images/jmx-webconsole-snapshot.png]
[marakana.com/bookshelf/jboss_admin_tutorial/images/jmx-jconsole.png]
[marakana.com/bookshelf/images/callouts/7.png]
[marakana.com/bookshelf/jboss_admin_tutorial/jmx.html]
[marakana.com/bookshelf/jboss_admin_tutorial/class_loading.html]
[marakana.com/bookshelf/jboss_admin_tutorial/database_integration.html]
[marakana.com/bookshelf/jboss_admin_tutorial/security.html]
[marakana.com/bookshelf/jboss_admin_tutorial/performance.html]
[marakana.com/bookshelf/jboss_admin_tutorial/images/HighAvailability-JBossGroups.png]
[marakana.com/bookshelf/jboss_admin_tutorial/images/SimpleArchitecture.png]
[marakana.com/bookshelf/jboss_admin_tutorial/images/ClusteringArchitecture.png]
[marakana.com/bookshelf/jboss_admin_tutorial/images/ClusteringArchitecture-SmartProxy.png]
[marakana.com/bookshelf/jboss_admin_tutorial/images/ApacheJBossSimpleArchitecture.png]
[marakana.com/bookshelf/images/callouts/8.png]
[marakana.com/bookshelf/images/callouts/9.png]
[marakana.com/bookshelf/images/callouts/10.png]
[marakana.com/bookshelf/jboss_admin_tutorial/high_availability_and_scalability.html]
[marakana.com/bookshelf/images/warning.png]
[marakana.com/bookshelf/python_fundamentals_tutorial/types.html]
[marakana.com/bookshelf/images/tip.png]
[marakana.com/bookshelf/python_fundamentals_tutorial/table_of_contents.html]
[marakana.com/bookshelf/python_fundamentals_tutorial/variables.html]
[marakana.com/bookshelf/python_fundamentals_tutorial/simple_expressions.html]
[marakana.com/bookshelf/python_fundamentals_tutorial/advanced_types_containers.html]
[marakana.com/bookshelf/python_fundamentals_tutorial/more_iteration.html]
[marakana.com/bookshelf/python_fundamentals_tutorial/functions.html]
[marakana.com/bookshelf/python_fundamentals_tutorial/exceptions.html]
[marakana.com/bookshelf/python_fundamentals_tutorial/code_organization.html]
[marakana.com/bookshelf/python_fundamentals_tutorial/working_with_files.html]
[marakana.com/bookshelf/python_fundamentals_tutorial/interaction_with_outside_world.html]
[marakana.com/bookshelf/python_fundamentals_tutorial/regular_expressions.html]
[marakana.com/bookshelf/python_fundamentals_tutorial/functional_programming.html]
[marakana.com/bookshelf/python_fundamentals_tutorial/advanced_iterations.html]
[marakana.com/bookshelf/python_fundamentals_tutorial/debugging_tools.html]
[marakana.com/bookshelf/python_fundamentals_tutorial/oop.html]
[marakana.com/bookshelf/python_fundamentals_tutorial/index.html]
[marakana.com/bookshelf/python_fundamentals_tutorial/easter_eggs.html]
[marakana.com/bookshelf/jquery_tutorial/selections_and_dom_traversing.html]
[marakana.com/bookshelf/jquery_tutorial/images/introduction_google_trends.png]
[marakana.com/bookshelf/jquery_tutorial/images/introduction_demo.png]
[marakana.com/bookshelf/jquery_tutorial/table_of_contents.html]
[marakana.com/bookshelf/jquery_tutorial/dom_manipulation.html]
[marakana.com/bookshelf/jquery_tutorial/css_styling.html]
[marakana.com/bookshelf/jquery_tutorial/events.html]
[marakana.com/bookshelf/jquery_tutorial/effects_and_custom_animations.html]
[marakana.com/bookshelf/jquery_tutorial/ajax.html]
[marakana.com/bookshelf/jquery_tutorial/plugins.html]
[marakana.com/bookshelf/jquery_tutorial/jquery_ui.html]
[marakana.com/bookshelf/jquery_tutorial/index.html]
[marakana.com/bookshelf/html5_tutorial/getting_started_with_html5.html]
[marakana.com/bookshelf/jquery_tutorial/advanced_concepts.html]
[marakana.com/bookshelf/html5_tutorial/table_of_contents.html]
[marakana.com/bookshelf/html5_tutorial/structure_of_a_web_page.html]
[marakana.com/bookshelf/html5_tutorial/forms.html]
[marakana.com/bookshelf/html5_tutorial/audio_and_video.html]
[marakana.com/bookshelf/html5_tutorial/canvas.html]
[marakana.com/bookshelf/html5_tutorial/data_storage.html]
[marakana.com/bookshelf/html5_tutorial/offline_applications.html]
[marakana.com/bookshelf/html5_tutorial/geolocation.html]
[marakana.com/bookshelf/html5_tutorial/web_workers.html]
[marakana.com/bookshelf/html5_tutorial/messaging.html]
[marakana.com/bookshelf/html5_tutorial/index.html]
[marakana.com/bookshelf/html5_tutorial/web_sockets.html]
[marakana.com/bookshelf/java_fundamentals_tutorial/hello_world.html]
[marakana.com/bookshelf/java_fundamentals_tutorial/images/JDK.png]
[marakana.com/bookshelf/java_fundamentals_tutorial/table_of_contents.html]
[marakana.com/bookshelf/java_fundamentals_tutorial/data_types.html]
[marakana.com/bookshelf/java_fundamentals_tutorial/operators.html]
[marakana.com/bookshelf/java_fundamentals_tutorial/flow_control.html]
[marakana.com/bookshelf/java_fundamentals_tutorial/packaging.html]
[marakana.com/bookshelf/java_fundamentals_tutorial/javadoc.html]
[marakana.com/bookshelf/java_fundamentals_tutorial/object_oriented.html]
[marakana.com/bookshelf/java_fundamentals_tutorial/exceptions.html]
[marakana.com/bookshelf/java_fundamentals_tutorial/java_lang.html]
[marakana.com/bookshelf/java_fundamentals_tutorial/input_output.html]
[marakana.com/bookshelf/java_fundamentals_tutorial/java_net.html]
[marakana.com/bookshelf/java_fundamentals_tutorial/generics_collections.html]
[marakana.com/bookshelf/java_fundamentals_tutorial/threading.html]
[marakana.com/bookshelf/java_fundamentals_tutorial/java_util.html]
[marakana.com/bookshelf/java_fundamentals_tutorial/_java_native_interface_jni.html]
[marakana.com/bookshelf/java_fundamentals_tutorial/jdbc.html]
[marakana.com/bookshelf/java_fundamentals_tutorial/xml_processing.html]
[marakana.com/bookshelf/java_fundamentals_tutorial/index.html]
[marakana.com/bookshelf/java_fundamentals_tutorial/design_patterns.html]
[marakana.com/bookshelf/selenium_tutorial/project.html]
[marakana.com/bookshelf/selenium_tutorial/table_of_contents.html]
[marakana.com/bookshelf/selenium_tutorial/IDE.html]
[marakana.com/bookshelf/selenium_tutorial/test_cases_and_test_suites.html]
[marakana.com/bookshelf/selenium_tutorial/commands.html]
[marakana.com/bookshelf/selenium_tutorial/locators.html]
[marakana.com/bookshelf/selenium_tutorial/selenium_remote_control.html]
[marakana.com/bookshelf/selenium_tutorial/selenium_grid.html]
[marakana.com/bookshelf/selenium_tutorial/testing_strategies.html]
[marakana.com/bookshelf/selenium_tutorial/pageobject.html]
[marakana.com/bookshelf/selenium_tutorial/selenium_in_your_company.html]
[marakana.com/bookshelf/selenium_tutorial/selenium2.html]
[marakana.com/bookshelf/selenium_tutorial/toolbox.html]
[marakana.com/bookshelf/selenium_tutorial/index.html]
[marakana.com/bookshelf/python_fundamentals_tutorial/types.html]
[marakana.com/bookshelf/python_fundamentals_tutorial/table_of_contents.html]
[marakana.com/bookshelf/selenium_tutorial/appendix.html]
[marakana.com/bookshelf/python_fundamentals_tutorial/variables.html]
[marakana.com/bookshelf/python_fundamentals_tutorial/simple_expressions.html]
[marakana.com/bookshelf/python_fundamentals_tutorial/advanced_types_containers.html]
[marakana.com/bookshelf/python_fundamentals_tutorial/more_iteration.html]
[marakana.com/bookshelf/python_fundamentals_tutorial/functions.html]
[marakana.com/bookshelf/python_fundamentals_tutorial/exceptions.html]
[marakana.com/bookshelf/python_fundamentals_tutorial/code_organization.html]
[marakana.com/bookshelf/python_fundamentals_tutorial/working_with_files.html]
[marakana.com/bookshelf/python_fundamentals_tutorial/interaction_with_outside_world.html]
[marakana.com/bookshelf/python_fundamentals_tutorial/regular_expressions.html]
[marakana.com/bookshelf/python_fundamentals_tutorial/functional_programming.html]
[marakana.com/bookshelf/python_fundamentals_tutorial/advanced_iterations.html]
[marakana.com/bookshelf/python_fundamentals_tutorial/debugging_tools.html]
[marakana.com/bookshelf/python_fundamentals_tutorial/oop.html]
[marakana.com/bookshelf/python_fundamentals_tutorial/easter_eggs.html]
[marakana.com/bookshelf/jquery_tutorial/selections_and_dom_traversing.html]
[marakana.com/bookshelf/jquery_tutorial/table_of_contents.html]
[marakana.com/bookshelf/jquery_tutorial/dom_manipulation.html]
[marakana.com/bookshelf/jquery_tutorial/css_styling.html]
[marakana.com/bookshelf/jquery_tutorial/events.html]
[marakana.com/bookshelf/jquery_tutorial/effects_and_custom_animations.html]
[marakana.com/bookshelf/images/caution.png]
[marakana.com/bookshelf/jquery_tutorial/ajax.html]
[marakana.com/bookshelf/jquery_tutorial/images/plugins_linear_swing.png]
[marakana.com/bookshelf/jquery_tutorial/images/plugins_colorbox.png]
[marakana.com/bookshelf/jquery_tutorial/images/plugins_cycle.png]
[marakana.com/bookshelf/jquery_tutorial/plugins.html]
[marakana.com/bookshelf/jquery_tutorial/images/plugins_jcrop.png]
[marakana.com/bookshelf/jquery_tutorial/images/jquery_ui_accordion.png]
[marakana.com/bookshelf/jquery_tutorial/images/jquery_ui_tabs.png]
[marakana.com/bookshelf/jquery_tutorial/images/jquery_ui_simple_dialog.png]
[marakana.com/bookshelf/jquery_tutorial/images/jquery_ui_modal.png]
[marakana.com/bookshelf/jquery_tutorial/images/jquery_ui_datepicker.png]
[marakana.com/bookshelf/jquery_tutorial/images/jquery_ui_slider.png]
[marakana.com/bookshelf/jquery_tutorial/images/jquery_ui_progress.png]
[marakana.com/bookshelf/jquery_tutorial/jquery_ui.html]
[marakana.com/bookshelf/jquery_tutorial/advanced_concepts.html]
[marakana.com/bookshelf/html5_tutorial/getting_started_with_html5.html]
[marakana.com/bookshelf/html5_tutorial/table_of_contents.html]
[marakana.com/bookshelf/html5_tutorial/images/getting_started_ios_forms.png]
[marakana.com/bookshelf/html5_tutorial/structure_of_a_web_page.html]
[marakana.com/bookshelf/html5_tutorial/images/structure_of_a_web_page-outline_without_hgroup.png]
[marakana.com/bookshelf/html5_tutorial/images/forms_type_color.png]
[marakana.com/bookshelf/html5_tutorial/images/forms_type_date.png]
[marakana.com/bookshelf/html5_tutorial/images/forms_type_range.png]
[marakana.com/bookshelf/html5_tutorial/images/forms_attr_placeholder.png]
[marakana.com/bookshelf/html5_tutorial/images/forms_attr_list.png]
[marakana.com/bookshelf/html5_tutorial/images/forms_validation_required.png]
[marakana.com/bookshelf/html5_tutorial/images/forms_validation_url.png]
[marakana.com/bookshelf/html5_tutorial/images/forms_validation_num_greater.png]
[marakana.com/bookshelf/html5_tutorial/forms.html]
[marakana.com/bookshelf/html5_tutorial/images/forms_validation_num_step.png]
[marakana.com/bookshelf/html5_tutorial/audio_and_video.html]
[marakana.com/bookshelf/html5_tutorial/images/audio_and_video-custom_player2.png]
[marakana.com/bookshelf/html5_tutorial/images/canvas_and_svg-coordinates.png]
[marakana.com/bookshelf/html5_tutorial/images/canvas_and_svg-stroked_path.png]
[marakana.com/bookshelf/html5_tutorial/images/canvas_and_svg-filled_circle.png]
[marakana.com/bookshelf/html5_tutorial/images/canvas_and_svg-filled_text.png]
[marakana.com/bookshelf/html5_tutorial/images/canvas_and_svg-leopard.png]
[marakana.com/bookshelf/html5_tutorial/images/canvas_and_svg-leopard_head.png]
[marakana.com/bookshelf/html5_tutorial/images/canvas_and_svg-green_leopard.png]
[marakana.com/bookshelf/html5_tutorial/images/canvas_and_svg-translation.png]
[marakana.com/bookshelf/html5_tutorial/images/canvas_and_svg-rotation.png]
[marakana.com/bookshelf/html5_tutorial/canvas.html]
[marakana.com/bookshelf/html5_tutorial/data_storage.html]
[marakana.com/bookshelf/html5_tutorial/images/canvas_and_svg-scaling.png]
[marakana.com/bookshelf/html5_tutorial/images/offline_applications-event_flow.png]
[marakana.com/bookshelf/html5_tutorial/offline_applications.html]
[marakana.com/bookshelf/html5_tutorial/images/geolocation-infobar.png]
[marakana.com/bookshelf/html5_tutorial/geolocation.html]
[marakana.com/bookshelf/html5_tutorial/web_workers.html]
[marakana.com/bookshelf/html5_tutorial/messaging.html]
[marakana.com/bookshelf/html5_tutorial/images/web_sockets-http_basic.png]
[marakana.com/bookshelf/html5_tutorial/images/web_sockets-polling.png]
[marakana.com/bookshelf/html5_tutorial/images/web_sockets-longpolling.png]
[marakana.com/bookshelf/html5_tutorial/web_sockets.html]
[marakana.com/bookshelf/html5_tutorial/images/web_sockets-frames.png]
[marakana.com/bookshelf/java_fundamentals_tutorial/hello_world.html]
[marakana.com/bookshelf/java_fundamentals_tutorial/table_of_contents.html]
[marakana.com/bookshelf/java_fundamentals_tutorial/images/HelloWorld-CompileRun.png]
[marakana.com/bookshelf/java_fundamentals_tutorial/images/Primitives.png]
[marakana.com/bookshelf/java_fundamentals_tutorial/data_types.html]
[marakana.com/bookshelf/java_fundamentals_tutorial/operators.html]
[marakana.com/bookshelf/java_fundamentals_tutorial/flow_control.html]
[marakana.com/bookshelf/java_fundamentals_tutorial/images/StackVsHeap.png]
[marakana.com/bookshelf/java_fundamentals_tutorial/object_oriented.html]
[marakana.com/bookshelf/java_fundamentals_tutorial/packaging.html]
[marakana.com/bookshelf/java_fundamentals_tutorial/images/javadoc_screen.png]
[marakana.com/bookshelf/java_fundamentals_tutorial/javadoc.html]
[marakana.com/bookshelf/java_fundamentals_tutorial/images/javadoc_generation.png]
[marakana.com/bookshelf/java_fundamentals_tutorial/images/ExceptionClassHierarchy.png]
[marakana.com/bookshelf/java_fundamentals_tutorial/images/TryCatchFinally.png]
[marakana.com/bookshelf/java_fundamentals_tutorial/exceptions.html]
[marakana.com/bookshelf/java_fundamentals_tutorial/java_lang.html]
[marakana.com/bookshelf/java_fundamentals_tutorial/input_output.html]
[marakana.com/bookshelf/java_fundamentals_tutorial/java_net.html]
[marakana.com/bookshelf/java_fundamentals_tutorial/generics_collections.html]
[marakana.com/bookshelf/java_fundamentals_tutorial/threading.html]
[marakana.com/bookshelf/java_fundamentals_tutorial/java_util.html]
[marakana.com/bookshelf/java_fundamentals_tutorial/_java_native_interface_jni.html]
[marakana.com/bookshelf/java_fundamentals_tutorial/images/JDBC-Drivers.png]
[marakana.com/bookshelf/java_fundamentals_tutorial/jdbc.html]
[marakana.com/bookshelf/java_fundamentals_tutorial/xml_processing.html]
[marakana.com/bookshelf/java_fundamentals_tutorial/images/FactoryMethodPattern.png]
[marakana.com/bookshelf/java_fundamentals_tutorial/images/AbstractFactoryPattern.png]
[marakana.com/bookshelf/java_fundamentals_tutorial/images/CompositeDesignPattern.png]
[marakana.com/bookshelf/java_fundamentals_tutorial/images/DecoratorPattern.png]
[marakana.com/bookshelf/java_fundamentals_tutorial/images/ObserverPattern.png]
[marakana.com/bookshelf/java_fundamentals_tutorial/images/StrategyPattern.png]
[marakana.com/bookshelf/java_fundamentals_tutorial/images/TemplatePattern.png]
[marakana.com/bookshelf/java_fundamentals_tutorial/images/DAOPattern.png]
[marakana.com/bookshelf/java_fundamentals_tutorial/design_patterns.html]
[marakana.com/bookshelf/selenium_tutorial/images/selenium-logo.png]
[marakana.com/bookshelf/selenium_tutorial/images/selenium-ide-logo.png]
[marakana.com/bookshelf/selenium_tutorial/images/selenium-rc-logo.png]
[marakana.com/bookshelf/selenium_tutorial/images/selenium-grid-logo.png]
[marakana.com/bookshelf/selenium_tutorial/images/selenium-on-rails-logo.png]
[marakana.com/bookshelf/selenium_tutorial/images/selenium-for-eclipse-logo.png]
[marakana.com/bookshelf/selenium_tutorial/project.html]
[marakana.com/bookshelf/selenium_tutorial/table_of_contents.html]
[marakana.com/bookshelf/selenium_tutorial/images/selenium-bromine-logo.png]
[marakana.com/bookshelf/selenium_tutorial/images/SeleniumIDE_walkthrough1.png]
[marakana.com/bookshelf/selenium_tutorial/images/SeleniumIDE_1_0_7.png]
[marakana.com/bookshelf/selenium_tutorial/images/SeleniumIDE_actionbar.png]
[marakana.com/bookshelf/selenium_tutorial/images/SeleniumIDE_testpanel.png]
[marakana.com/bookshelf/selenium_tutorial/images/SeleniumIDE_toolpanel.png]
[marakana.com/bookshelf/selenium_tutorial/images/SeleniumIDE_walkthrough2_fx.png]
[marakana.com/bookshelf/selenium_tutorial/images/SeleniumIDE_walkthrough2_ide.png]
[marakana.com/bookshelf/selenium_tutorial/images/SeleniumIDE_walkthrough3_fx.png]
[marakana.com/bookshelf/selenium_tutorial/images/SeleniumIDE_walkthrough3_ide.png]
[marakana.com/bookshelf/selenium_tutorial/IDE.html]
[marakana.com/bookshelf/selenium_tutorial/test_cases_and_test_suites.html]
[marakana.com/bookshelf/selenium_tutorial/commands.html]
[marakana.com/bookshelf/selenium_tutorial/locators.html]
[marakana.com/bookshelf/selenium_tutorial/images/SeleniumIDE_ref.png]
[marakana.com/bookshelf/selenium_tutorial/selenium_remote_control.html]
[marakana.com/bookshelf/selenium_tutorial/images/selenium_rc_overview.png]
[marakana.com/bookshelf/selenium_tutorial/selenium_grid.html]
[marakana.com/bookshelf/selenium_tutorial/images/selenium-grid.png]
[marakana.com/bookshelf/selenium_tutorial/testing_strategies.html]
[marakana.com/bookshelf/selenium_tutorial/pageobject.html]
[marakana.com/bookshelf/selenium_tutorial/images/selenium-unit-test.png]
[marakana.com/bookshelf/selenium_tutorial/images/Selenium-top-problems.png]
[marakana.com/bookshelf/selenium_tutorial/images/selenium-hudson.png]
[marakana.com/bookshelf/selenium_tutorial/images/seleniumrc-cruisecontrol.png]
[marakana.com/bookshelf/selenium_tutorial/selenium_in_your_company.html]
[marakana.com/bookshelf/selenium_tutorial/selenium2.html]
[marakana.com/bookshelf/selenium_tutorial/toolbox.html]
[marakana.com/bookshelf/selenium_tutorial/appendix.html]
